errors:
- 'Failed to run `VM::deploy for program parent.aleo: Futures in finalize ''foo'' are not all awaited.'
outputs: []
