errors:
- 'Failed to run `VM::deploy for program parent.aleo: Function ''foo'' contains futures, but the ''async'' instruction does not consume all of the ones produced.'
outputs: []
