errors: []
outputs:
- verified: true
  execute:
    hello.aleo/hello:
      outputs:
      - '{"type":"private","id":"5131573882884355182257903682248009545514589905872111590766989489749736641421field","value":"ciphertext1qyqxs4ww08ecfsfuzv3lvu2ylddz566evdd0kn2kq7tffa0jfvhrvzguk9nns"}'
  speculate: the execution was accepted
  add_next_block: succeeded.
- verified: true
  execute:
    hello.aleo/hello:
      outputs:
      - '{"type":"private","id":"6540258413886922786374562206523527552103922311417806085516123700513573545786field","value":"ciphertext1qyqvn6jqqsvl59jdxc56fvgrthy7s29uy59y0q2854ule9eaa3qryrgch9lan"}'
  speculate: the execution was accepted
  add_next_block: succeeded.
- verified: true
  execute:
    hello.aleo/goodbye:
      outputs:
      - '{"type":"public","id":"6552887319744710599952238134121182296015937968688536410722019448386949169427field","value":"1u32"}'
      - '{"type":"future","id":"5050616512049212243885955271314949172240054022718808683458392630651227324539field","value":"{\n  program_id: hello.aleo,\n  function_name: goodbye,\n  arguments: [\n    1u32,\n    1u32\n  ]\n}"}'
  speculate: the execution was accepted
  add_next_block: succeeded.
- verified: true
  execute:
    hello.aleo/goodbye:
      outputs:
      - '{"type":"public","id":"6400980542699018627296357305462852503933659601582924856954999457729562650216field","value":"1u32"}'
      - '{"type":"future","id":"7006417515763656381602371422606135723079202677418702102733862526204379263166field","value":"{\n  program_id: hello.aleo,\n  function_name: goodbye,\n  arguments: [\n    0u32,\n    1u32\n  ]\n}"}'
  speculate: the execution was rejected
  add_next_block: succeeded.
additional:
- child_outputs:
    credits.aleo/fee_public:
      outputs:
      - '{"type":"future","id":"4794226115128098661953863457300334535735190584732192888559305107927143173518field","value":"{\n  program_id: credits.aleo,\n  function_name: fee_public,\n  arguments: [\n    aleo10knkelvnd55fsaarm25wch7p9suf2tqlgwy5k4nxwms6d262xyfqm2tccr,\n    1317u64\n  ]\n}"}'
- child_outputs:
    credits.aleo/fee_public:
      outputs:
      - '{"type":"future","id":"5133026235053133038853489406821436126957097823152662530596593777687622314058field","value":"{\n  program_id: credits.aleo,\n  function_name: fee_public,\n  arguments: [\n    aleo10knkelvnd55fsaarm25wch7p9suf2tqlgwy5k4nxwms6d262xyfqm2tccr,\n    1317u64\n  ]\n}"}'
- child_outputs:
    credits.aleo/fee_public:
      outputs:
      - '{"type":"future","id":"8038906995585515708485738975797104585040095967461431356593208300992698109622field","value":"{\n  program_id: credits.aleo,\n  function_name: fee_public,\n  arguments: [\n    aleo10knkelvnd55fsaarm25wch7p9suf2tqlgwy5k4nxwms6d262xyfqm2tccr,\n    2366u64\n  ]\n}"}'
- child_outputs:
    credits.aleo/fee_public:
      outputs:
      - '{"type":"future","id":"4944753227454044798048990117828783917614367206136243192189386592713292937485field","value":"{\n  program_id: credits.aleo,\n  function_name: fee_public,\n  arguments: [\n    aleo10knkelvnd55fsaarm25wch7p9suf2tqlgwy5k4nxwms6d262xyfqm2tccr,\n    2366u64\n  ]\n}"}'
