errors: []
outputs:
- verified: true
  execute:
    gas_dos.aleo/make_trash_empty:
      outputs: []
  speculate: the execution was accepted
  add_next_block: succeeded.
- verified: true
  execute:
    gas_dos.aleo/make_trash:
      outputs:
      - '{"type":"public","id":"4613003495305280459172342896551360642380671085549872261236450521478375822923field","value":"0u8"}'
      - '{"type":"public","id":"4743973134972472397815524098463791938088484597045636063046205639313933518929field","value":"1u8"}'
      - '{"type":"public","id":"555760781568939132183826755180684628980232466161467457554743035258901627869field","value":"2u8"}'
      - '{"type":"public","id":"3157694875275263094900138843883455412991376860903973463649620138981676546252field","value":"3u8"}'
      - '{"type":"public","id":"4762500691148246777860506295457421886000017089715781091140762580325095831542field","value":"4u8"}'
      - '{"type":"public","id":"1619722509495388564896980055966430841124315339169633235607412171424218427952field","value":"5u8"}'
      - '{"type":"public","id":"8354514207710319608700853875463103658360125733069755379916199418993984711704field","value":"6u8"}'
      - '{"type":"public","id":"6146446795421276186773995055780858309920249415477095573801103513078202466762field","value":"7u8"}'
      - '{"type":"public","id":"2318001922627984302376561180924956547473501650251936319394563635511287937792field","value":"8u8"}'
      - '{"type":"public","id":"4335724698080250340144894758211764587953579002993217725228936749078063414122field","value":"9u8"}'
      - '{"type":"public","id":"8087676879614137262566286145836111514718966108005879865108580502029152532529field","value":"10u8"}'
      - '{"type":"public","id":"294493159771562529206823786373039528720886487276115087913605316823853612607field","value":"11u8"}'
      - '{"type":"public","id":"7204985738453874970058286203045669825080258822596932900829393698406829649806field","value":"12u8"}'
      - '{"type":"public","id":"830263914519050309337445423798113726576252534917054054561542101941345296949field","value":"13u8"}'
      - '{"type":"public","id":"1469344004751424930670484441438499660924597114570570881074573778558606199421field","value":"14u8"}'
      - '{"type":"public","id":"3951700828605478129702178277179066393576016187563440775486667382338991730643field","value":"15u8"}'
  speculate: the execution was accepted
  add_next_block: succeeded.
- verified: true
  execute:
    gas_dos.aleo/make_trash_private:
      outputs:
      - '{"type":"private","id":"5075362786697228215074472689942282701176231326430148288153418644541993540260field","value":"ciphertext1qyq8e9mevs4f9d59m6euas8grjuh4ng9ra32wwalxrnmaqmt7zyhkrscfm5fc"}'
      - '{"type":"private","id":"5215225807132022158772545163740191062021730292490702535858154988807087753346field","value":"ciphertext1qyq2n8kh9husn8fhthnjgl8pjx6rc4g8c8tww2cae8zgjvsyuczxwpsanm54z"}'
      - '{"type":"private","id":"6175485655830032812766870418391865949244585379793763982149649085962245726608field","value":"ciphertext1qyq0er0k7vk5hl2aue0sk90qz73ck8megp55r7wq5f2sc6te5e05crsghch95"}'
      - '{"type":"private","id":"5292275369500734838902716815450230196630574445733214603628601920690693640207field","value":"ciphertext1qyq88qsgf25luc6e9hlaf95zd85gv7mx9dds396g3sd2j5xq7duu6rgwm52s2"}'
      - '{"type":"private","id":"5381081294119826457204466226498552808197680922513323705838868647170112039605field","value":"ciphertext1qyqwagaeurk00c7am8u9h3tp8junvm87tq8pj95s5gt986plh8ezjqc4rtrmd"}'
      - '{"type":"private","id":"1338461598474952534342699170627985736475769297938400754126083218144339953603field","value":"ciphertext1qyqgfdavmh84hfusth9cx0ctlx4v9pha3x09ufemkr2yk0drj5795zsxsa4lj"}'
      - '{"type":"private","id":"4001260300537073559558326413857426277645481169425487516456210690061410740879field","value":"ciphertext1qyqqmuarzt3dgqrkvdrtnekzsfskq7lh44ljteez87fx2hzm6w0egqcd8dlnf"}'
      - '{"type":"private","id":"5227242698626712211718588424963656563037146375530018083082654862574376070199field","value":"ciphertext1qyqtt366wyukvrej944ejpm6v8ac48lraf5ma0mpehkq0j6v5f8y2qswy7gjt"}'
      - '{"type":"private","id":"7483071445708773648853126565285398442732297851577050757881107945512071186435field","value":"ciphertext1qyqgkmpfnmz3ewj6k44xtr6l5y0plar2txg0zdwhckuh9kj863gh7pck3nxvn"}'
      - '{"type":"private","id":"4981561573377555124720956600158756464459035871604435708642730148102441448296field","value":"ciphertext1qyq2crnyagzpqttanxm8lseaca7rsedajjfnm8wd8ejs4cdjpwjgxyqesl8tj"}'
      - '{"type":"private","id":"2218867027475576562642471060864076730679142980473955816748250394152189017698field","value":"ciphertext1qyqrcaa9t2j4366qlp032zpsxtz3zpdfsxcdfn582py42pmtawf42rgx00mtc"}'
      - '{"type":"private","id":"7393332991553464721374713719439977665925434096754056861442821575301509587543field","value":"ciphertext1qyqq3z6rz487swgnucql7e5uy484uha55lqvahhe43p9unl9h82guqq9ntknu"}'
      - '{"type":"private","id":"4508485010608517903938357676657986339889610151407496428609804193804937924386field","value":"ciphertext1qyq2lrkauz3xquc54vcxyyte4694xnjxty2qt0nzy7q7swv6d4jwkpga37eyg"}'
      - '{"type":"private","id":"5742046849120914998776327076031156076910427012002979898907493381061401274278field","value":"ciphertext1qyqz53j22apn3j6ztuucxnscmqyf98swr77l007qcs0jmam748vauygp2meg9"}'
      - '{"type":"private","id":"955655251996890605872283601090881531746554959441612709205216411773137158294field","value":"ciphertext1qyqz5jat55vkglewug0nrpuhag5kc7n686wpfsu5hax2r2kj3d9x6pcmf5vay"}'
      - '{"type":"private","id":"4373428812215437035380352561693300320904292383523519816271482268910523671786field","value":"ciphertext1qyq0vfet29vt9zgcta0js2m8t55yuvtjxzrml37hn2sfjc3km84lgpslud9mn"}'
  speculate: the execution was accepted
  add_next_block: succeeded.
- verified: true
  execute:
    gas_dos.aleo/make_trash_u64:
      outputs:
      - '{"type":"public","id":"6561159162501436151833081072814273870341639293232110695344791012569330235567field","value":"0u64"}'
      - '{"type":"public","id":"7976342331909399277968579813342476842205479436517570814610848133471694590264field","value":"1u64"}'
      - '{"type":"public","id":"7959564125019725319347269801297404917426966769897554182837555918999454670634field","value":"2u64"}'
      - '{"type":"public","id":"3238578569461990585696007719064622713088324042084449251953551113405629735368field","value":"3u64"}'
      - '{"type":"public","id":"2652351791392146183676186801776231305352586712963350968069669298772399762725field","value":"4u64"}'
      - '{"type":"public","id":"2478951039021272007380220086890354432897243703808216707237374481504263920606field","value":"5u64"}'
      - '{"type":"public","id":"6972212493349432022365386848181522590861575488437719975243869032659990316485field","value":"6u64"}'
      - '{"type":"public","id":"770689646887905178427189789229328921942429186529411387025482086356305613402field","value":"7u64"}'
      - '{"type":"public","id":"2553434581363211725353578850893508886122005522502786996883588898494362910064field","value":"8u64"}'
      - '{"type":"public","id":"789035962301829680165600926334353315362445916301262938083061420271282046080field","value":"9u64"}'
      - '{"type":"public","id":"2055266195117958331915570632100818483950700115783436413748712133711381881360field","value":"10u64"}'
      - '{"type":"public","id":"3383469571899269330052105933946449998458706830571461636127918368823078955516field","value":"11u64"}'
      - '{"type":"public","id":"6861968034072116205338864606251025191903009704131735615422207451203652008789field","value":"12u64"}'
      - '{"type":"public","id":"3625546002618020464563336277084886351400397856943513367013736399595665961595field","value":"13u64"}'
      - '{"type":"public","id":"6365291161772542284506285608326579244113169513684131987526845079850460097561field","value":"14u64"}'
      - '{"type":"public","id":"6911075033623689961880813487820362603810774997714972050027042318795566339300field","value":"15u64"}'
  speculate: the execution was accepted
  add_next_block: succeeded.
- verified: true
  execute:
    gas_dos.aleo/make_trash_call_inner:
      outputs: []
  speculate: the execution was accepted
  add_next_block: succeeded.
- verified: true
  execute:
    gas_dos.aleo/make_trash_call_inner_private:
      outputs: []
  speculate: the execution was accepted
  add_next_block: succeeded.
additional:
- child_outputs:
    credits.aleo/fee_public:
      outputs:
      - '{"type":"future","id":"30377576158265317558755379954993028591609254873982684478794593156637801471field","value":"{\n  program_id: credits.aleo,\n  function_name: fee_public,\n  arguments: [\n    aleo10knkelvnd55fsaarm25wch7p9suf2tqlgwy5k4nxwms6d262xyfqm2tccr,\n    1153u64\n  ]\n}"}'
- child_outputs:
    credits.aleo/fee_public:
      outputs:
      - '{"type":"future","id":"7152805026835105172873716091653957285497801764420533865012961263887557911642field","value":"{\n  program_id: credits.aleo,\n  function_name: fee_public,\n  arguments: [\n    aleo10knkelvnd55fsaarm25wch7p9suf2tqlgwy5k4nxwms6d262xyfqm2tccr,\n    2363u64\n  ]\n}"}'
- child_outputs:
    credits.aleo/fee_public:
      outputs:
      - '{"type":"future","id":"5397557371756282637972927997465824050186286008844168472103952190845537160019field","value":"{\n  program_id: credits.aleo,\n  function_name: fee_public,\n  arguments: [\n    aleo10knkelvnd55fsaarm25wch7p9suf2tqlgwy5k4nxwms6d262xyfqm2tccr,\n    3331u64\n  ]\n}"}'
- child_outputs:
    credits.aleo/fee_public:
      outputs:
      - '{"type":"future","id":"8367501851131349939921973827792399149698467053837913250296494006847175395216field","value":"{\n  program_id: credits.aleo,\n  function_name: fee_public,\n  arguments: [\n    aleo10knkelvnd55fsaarm25wch7p9suf2tqlgwy5k4nxwms6d262xyfqm2tccr,\n    2591u64\n  ]\n}"}'
- child_outputs:
    child.aleo/inner_trash:
      outputs:
      - '{"type":"public","id":"4258324859805218266091084729946080164724004439941647295375853291687898384011field","value":"0u8"}'
      - '{"type":"public","id":"3595631725148264940723309249621738480517311836274280006312645287099329149900field","value":"1u8"}'
      - '{"type":"public","id":"2208089297394694158284480136926424455853818009780901740335992064322863047854field","value":"2u8"}'
      - '{"type":"public","id":"5688569742397292953325301820131013260933141797177046282596309663462217883051field","value":"3u8"}'
      - '{"type":"public","id":"2589267864343727922187358819999124949209392983206592238621055394960841163796field","value":"4u8"}'
      - '{"type":"public","id":"5570995534518087989637976676554735206972855495625472364363176802857733417627field","value":"5u8"}'
      - '{"type":"public","id":"8196563339749078100880844141424856480535908196271709028877208224433618877988field","value":"6u8"}'
      - '{"type":"public","id":"7148315770592140943513870153102249250228881430428702700808302274830524589712field","value":"7u8"}'
      - '{"type":"public","id":"6663559720474154178048021670448619949127654696632516449974104667634461721117field","value":"8u8"}'
      - '{"type":"public","id":"4262855828324563363534601768851246835981293807453200126654359299458266116785field","value":"9u8"}'
      - '{"type":"public","id":"6521499071950259584214330036864628156304358707158918480447672091139469907706field","value":"10u8"}'
      - '{"type":"public","id":"2780007533160863507824876124934740257440095453590254944663640741879602528021field","value":"11u8"}'
      - '{"type":"public","id":"721098730065242758038656029883330636635690005801014175788365363405106507710field","value":"12u8"}'
      - '{"type":"public","id":"1618474055793768647053046125452575920962293293427476033678666992071443340286field","value":"13u8"}'
      - '{"type":"public","id":"7590795669806505477347034268411170284443113115706119538121917286692343733758field","value":"14u8"}'
      - '{"type":"public","id":"1746336793593389412246115464856173762500352378534009993091610413102060730893field","value":"15u8"}'
    credits.aleo/fee_public:
      outputs:
      - '{"type":"future","id":"988988974085236680039086524462634791496238571529345895766489488832296993230field","value":"{\n  program_id: credits.aleo,\n  function_name: fee_public,\n  arguments: [\n    aleo10knkelvnd55fsaarm25wch7p9suf2tqlgwy5k4nxwms6d262xyfqm2tccr,\n    7558u64\n  ]\n}"}'
- child_outputs:
    child.aleo/inner_trash_private:
      outputs:
      - '{"type":"private","id":"7104678975139771363369594082563366139468419554792208200047887347265545145473field","value":"ciphertext1qyq9csv2ts7auvzxrkgn59a6rf8rqp6x2lf3w8ylt420d4kdtjdn6ygx59j9y"}'
      - '{"type":"private","id":"4926801310215014544954805559748287683167556580631648005183029762556664410062field","value":"ciphertext1qyq0x7ckpfm9u4rgk63hu7hccv0lde7qrtk90jxz4yvc3s27ya4zspsh64e4t"}'
      - '{"type":"private","id":"3025158373600515167086001776793503086916479802702564323801256579855996236632field","value":"ciphertext1qyqgfpx70l4hhrpakl68z2wk2pval26vdwcjmjxxn6frkfauerdzsqq4py8pj"}'
      - '{"type":"private","id":"91252220510257006296141223052114223378062152895167144867716852708928779745field","value":"ciphertext1qyq8q940d2j3zqu70f36xxe9che64zr2dxmuj75al3s0szts5ged5qcd459hc"}'
      - '{"type":"private","id":"5222252760545452319316061497006736874983610477915769389758850306932549009630field","value":"ciphertext1qyqv6srxvu332xw3fua0al4wyzl49trvf7zn494j9leqvlahjpd5vrqh7jvyq"}'
      - '{"type":"private","id":"6570786723987093104854522607966362693823233854131838411624481962428800920246field","value":"ciphertext1qyqv9ynxzkjmgjz66lrk3m2u9ntnfyvtl7s53l9dv3ar6y7x3nhlgpgaty4gy"}'
      - '{"type":"private","id":"2683545714029027507827575346619167326043917479293098006245564541553014010650field","value":"ciphertext1qyqrnaw6d35mje37hld3wl4e8t80cch3r4hatemlzp7f5vt37wyturqcgnkqn"}'
      - '{"type":"private","id":"979466994657219968516975870288881292162693708243771712684837117887100077495field","value":"ciphertext1qyqzmsqd9qpj6pwjc6955em3vedjc0s7h9gh74740kgxc5yzt6dmszqaqu62w"}'
      - '{"type":"private","id":"148667955008751009932158730385746655132283758474039163840641702069085619092field","value":"ciphertext1qyqwrn34ueq83rw56avjhqe5kf7thtycr9dykavv0cag665len6z2yqpq5pty"}'
      - '{"type":"private","id":"7440731129863281004684810942181870487300540297612431366993708247292317262618field","value":"ciphertext1qyqghgjccg8mjwn6mfk83gtpdejh6h5kgs8qngk6ylphuh8g02ma7rgpe9dda"}'
      - '{"type":"private","id":"5901834737807982708978098599410021094561231224925091918983759660264223855752field","value":"ciphertext1qyqyz9pm6vgud68p0fda6lhzyfhrxhz369futwgyng93su8scrxp2yqjcg5ru"}'
      - '{"type":"private","id":"7104894195533495611191959689141824024501967138573740980071353687538059813029field","value":"ciphertext1qyqr9sk4jws9ay4ujvlcf9xpzuhv2pnrujnv4nd467zkjv4ur66f7pgw5ppfm"}'
      - '{"type":"private","id":"3048268228937191827597549490157315246711775336097603143181590343332295202352field","value":"ciphertext1qyqv58yu833x9zepyqfdq3fga79zcrpakeum5asuhn3st9aqeud0gzctx80jg"}'
      - '{"type":"private","id":"4285685390670718078925042810300519660137065409265643363257317816624967274406field","value":"ciphertext1qyqfglq63hwn08zasfr82mpk550ctlx7k4d75hns5xaah4y6e36rvpgtw0rvq"}'
      - '{"type":"private","id":"3025983048580884853315325717609008421056210836218565341349583681822517287251field","value":"ciphertext1qyqx8mrevae4zw38t3lpyw797hml2ff8v6u84fksax87fym54s7yxqc2zzmn8"}'
      - '{"type":"private","id":"2779056585045156925102248171451904784889711185488933072280044292443284680942field","value":"ciphertext1qyqg7e5rdtam09s2zwzmg3j3ppfppnczyvrrwaezg5xtv60njx0vjpcm0pvrh"}'
    credits.aleo/fee_public:
      outputs:
      - '{"type":"future","id":"1037365655411343263930966978478556227868512825605719649881734132931731411910field","value":"{\n  program_id: credits.aleo,\n  function_name: fee_public,\n  arguments: [\n    aleo10knkelvnd55fsaarm25wch7p9suf2tqlgwy5k4nxwms6d262xyfqm2tccr,\n    11438u64\n  ]\n}"}'
