errors: []
outputs:
- verified: true
  execute:
    test_rand.aleo/rand_chacha_with_literals:
      outputs:
      - '{"type":"future","id":"3051485481913361775826744416280406419787734940058310766095173488908684408941field","value":"{\n  program_id: test_rand.aleo,\n  function_name: rand_chacha_with_literals,\n  arguments: [\n    0scalar,\n    0group,\n    0u8,\n    2i16,\n    4u32,\n    7i64,\n    8u128,\n    10field\n  ]\n}"}'
  speculate: the execution was accepted
  add_next_block: succeeded.
- verified: true
  execute:
    test_rand.aleo/rand_chacha_with_struct:
      outputs:
      - '{"type":"future","id":"5324538037254734381263298163254525700334315803949307776069573574643667789515field","value":"{\n  program_id: test_rand.aleo,\n  function_name: rand_chacha_with_struct,\n  arguments: [\n    {\n  first: 0field,\n  second: 0field,\n  third: 0field,\n  fourth: 0field,\n  fifth: 0field\n}\n  ]\n}"}'
  speculate: the execution was accepted
  add_next_block: succeeded.
- verified: true
  execute:
    test_rand.aleo/rand_chacha_check:
      outputs:
      - '{"type":"future","id":"3094014759641313043901697261267946468626327163450942596641947962222295207390field","value":"{\n  program_id: test_rand.aleo,\n  function_name: rand_chacha_check,\n  arguments: [\n    0field,\n    false\n  ]\n}"}'
  speculate: the execution was accepted
  add_next_block: succeeded.
- verified: true
  execute:
    test_rand.aleo/rand_chacha_check:
      outputs:
      - '{"type":"future","id":"818878742790741579153893179075772445872751227433677932822653185952935999557field","value":"{\n  program_id: test_rand.aleo,\n  function_name: rand_chacha_check,\n  arguments: [\n    1field,\n    true\n  ]\n}"}'
  speculate: the execution was accepted
  add_next_block: succeeded.
additional:
- child_outputs:
    credits.aleo/fee_public:
      outputs:
      - '{"type":"future","id":"121306501224681157597193186410746475033514025731628517615093553600181539558field","value":"{\n  program_id: credits.aleo,\n  function_name: fee_public,\n  arguments: [\n    aleo1uchf7kruskpp8thlnfeya9qeklcjss27j6rtu74zz7ch559neqystgslsp,\n    601838u64\n  ]\n}"}'
- child_outputs:
    credits.aleo/fee_public:
      outputs:
      - '{"type":"future","id":"372387797317258515886290332539955510428039667099515014147500070605443070643field","value":"{\n  program_id: credits.aleo,\n  function_name: fee_public,\n  arguments: [\n    aleo1uchf7kruskpp8thlnfeya9qeklcjss27j6rtu74zz7ch559neqystgslsp,\n    26711u64\n  ]\n}"}'
- child_outputs:
    credits.aleo/fee_public:
      outputs:
      - '{"type":"future","id":"819663813855093908211899344309437376318059680751092090723025520667746540822field","value":"{\n  program_id: credits.aleo,\n  function_name: fee_public,\n  arguments: [\n    aleo1uchf7kruskpp8thlnfeya9qeklcjss27j6rtu74zz7ch559neqystgslsp,\n    26876u64\n  ]\n}"}'
- child_outputs:
    credits.aleo/fee_public:
      outputs:
      - '{"type":"future","id":"8063948964124424703025348936079361092327181010572643865591831235545568925744field","value":"{\n  program_id: credits.aleo,\n  function_name: fee_public,\n  arguments: [\n    aleo1uchf7kruskpp8thlnfeya9qeklcjss27j6rtu74zz7ch559neqystgslsp,\n    26876u64\n  ]\n}"}'
