errors: []
outputs:
- verified: true
  execute:
    timelock.aleo/lock:
      outputs:
      - '{"type":"future","id":"6658700112390809298568131732578454166620828658145139230021000997557464148749field","value":"{\n  program_id: timelock.aleo,\n  function_name: lock,\n  arguments: []\n}"}'
  speculate: the execution was rejected
  add_next_block: succeeded.
- verified: true
  execute:
    timelock.aleo/lock:
      outputs:
      - '{"type":"future","id":"4552284556317614698302755676987365520737661551926416127102861613249304034947field","value":"{\n  program_id: timelock.aleo,\n  function_name: lock,\n  arguments: []\n}"}'
  speculate: the execution was rejected
  add_next_block: succeeded.
additional:
- child_outputs:
    credits.aleo/fee_public:
      outputs:
      - '{"type":"future","id":"8348146946615998276874385214136272238568613488992445452960641768056647996497field","value":"{\n  program_id: credits.aleo,\n  function_name: fee_public,\n  arguments: [\n    aleo12tksdptp7hvxly8tkm3um08fvf53qpehsgdgqfvy9pe3sewcq5ysjg5myy,\n    2196u64\n  ]\n}"}'
- child_outputs:
    credits.aleo/fee_public:
      outputs:
      - '{"type":"future","id":"982556877652028784867244374145661434115160127655345369458709244869192972372field","value":"{\n  program_id: credits.aleo,\n  function_name: fee_public,\n  arguments: [\n    aleo12tksdptp7hvxly8tkm3um08fvf53qpehsgdgqfvy9pe3sewcq5ysjg5myy,\n    2196u64\n  ]\n}"}'
