errors: []
outputs:
- verified: true
  execute:
    unused_position.aleo/foo:
      outputs:
      - '{"type":"future","id":"1790580141778087233710017444717735846711836561595379002028367169462349892136field","value":"{\n  program_id: unused_position.aleo,\n  function_name: foo,\n  arguments: []\n}"}'
  speculate: the execution was accepted
  add_next_block: succeeded.
additional:
- child_outputs:
    credits.aleo/fee_public:
      outputs:
      - '{"type":"future","id":"5672533630623788440632164866520422788597095754178549239294815812922538158034field","value":"{\n  program_id: credits.aleo,\n  function_name: fee_public,\n  arguments: [\n    aleo12tksdptp7hvxly8tkm3um08fvf53qpehsgdgqfvy9pe3sewcq5ysjg5myy,\n    1308u64\n  ]\n}"}'
