2011084681212961452311333305005509211229919616031257660941313625311987279984field