87141345289194987249335251035288105774877062220257664575645549134632926482field