5628341397010129094749668483581880102727432924493934736184943293239516955115field