2441207636122714306371856624370101512638654024941597476504350040586876819967field