4426996492654533614386079842002262353437097961897230015892590642692830916891field