1194605944695343789228228597749032243744971209446840517486291637780197055440field