1044346838034619416100171813313106342224256770546574686139345274096660160611field