305373231140119141495771730195166660114047796312466197355241017473154264594field