5831342285401093988805641165492026817697793896414496472388751494052459296879field