610307558855046745962283397484544098131504333994299967172265018394298942553field