890528275010128413086262374581080260861073041656622537351850370623612770892field