4504853075224575973859580682353724684440391731949662062689299393698522574250field