6088573564989104999418724140351215790250870264476768543870720179680005600079field