7213538381157479600695819072074313481664544179359574938537072092346114865618field