6531918078649604677267704629524208386557917803204512136246020129886969612813field