5481099192588700791287898101517060190977970633110857260811993991553610949275field