1602821949296022806146270121391383580291702991974340780933114647223620852779field