8157139884333238590486942177518291201805404831318752263970723012511043776504field