6569866994757293255004300918458370975674559167201047636575858551784982288595field