4116380618505203139735709763188062899546807129226239980574382125889245087784field