1264503312579512465189393860390753485466098990459556420139454725533509612591field