1444892038274156943837009734886522214149622494611671083296024163883829362979field