3515567246660071748861271187713830429704652891229797018766869690557265012151field