1567761742253784763517697634212670888744157690807242184088612393580063919530field